PERSONAL@DESKTOP-N71P70E MINGW64 ~
$ cd C:\Users\PERSONAL\OneDrive\Documentos\git\Jraiderstaff
bash: cd: C:UsersPERSONALOneDriveDocumentosgitJraiderstaff: No such file or directory

PERSONAL@DESKTOP-N71P70E MINGW64 ~
$ cd C:/Users/PERSONAL/OneDrive/Documentos/git/Jraiderstaff

PERSONAL@DESKTOP-N71P70E MINGW64 ~/OneDrive/Documentos/git/Jraiderstaff (main)
$ git status
On branch main
Your branch is up to date with 'origin/main'.

Changes to be committed:
  (use "git restore --staged <file>..." to unstage)
        new file:   prueba2/holahola.txt


PERSONAL@DESKTOP-N71P70E MINGW64 ~/OneDrive/Documentos/git/Jraiderstaff (main)
$ git push
Everything up-to-date

PERSONAL@DESKTOP-N71P70E MINGW64 ~/OneDrive/Documentos/git/Jraiderstaff (main)
$ git status
On branch main
Your branch is up to date with 'origin/main'.

Changes to be committed:
  (use "git restore --staged <file>..." to unstage)
        new file:   prueba2/holahola.txt

Changes not staged for commit:
  (use "git add/rm <file>..." to update what will be committed)
  (use "git restore <file>..." to discard changes in working directory)
        deleted:    prueba2/holahola.txt

Untracked files:
  (use "git add <file>..." to include in what will be committed)
        sincronizar/


PERSONAL@DESKTOP-N71P70E MINGW64 ~/OneDrive/Documentos/git/Jraiderstaff (main)
$ git add .

PERSONAL@DESKTOP-N71P70E MINGW64 ~/OneDrive/Documentos/git/Jraiderstaff (main)
$ git commit -m "prueba 3 sincronizacion"
[main ce7ecba] prueba 3 sincronizacion
 1 file changed, 1 insertion(+)
 create mode 100644 sincronizar/prueba3.txt

PERSONAL@DESKTOP-N71P70E MINGW64 ~/OneDrive/Documentos/git/Jraiderstaff (main)
$ git push
Enumerating objects: 5, done.
Counting objects: 100% (5/5), done.
Delta compression using up to 12 threads
Compressing objects: 100% (2/2), done.
Writing objects: 100% (4/4), 339 bytes | 339.00 KiB/s, done.
Total 4 (delta 1), reused 0 (delta 0), pack-reused 0
remote: Resolving deltas: 100% (1/1), completed with 1 local object.
To https://github.com/jraidersstaff/Jraiderstaff.git
   217c506..ce7ecba  main -> main

PERSONAL@DESKTOP-N71P70E MINGW64 ~/OneDrive/Documentos/git/Jraiderstaff (main)
$ ^C


PERSONAL@DESKTOP-N71P70E MINGW64 ~/OneDrive/Documentos/git/Jraiderstaff (main)
$